<table>
<thead>
<tr>
<th>Name</th>
<th>Value</th>
</tr>
</thead>
<tbody><tr>
<td>Cell</td>
<td><h1 id="ref">ref</h1>
<p>A section</p>
</td>
</tr>
</tbody></table>
