<ul>
<li><h1 id="heading">Heading</h1>
</li>
</ul>
