<aside class="info">
<p>Information in an <code>aside</code>.</p>
</aside>
